Archive member included because of file (symbol)

c:/program files (x86)/gnu tools arm embedded/4.8 2014q2/bin/../lib/gcc/arm-none-eabi/4.8.4/../../../../arm-none-eabi/lib/armv7e-m/fpu\libm.a(lib_a-s_floor.o)
                              ..\obj\HMC833.o (floor)
c:/program files (x86)/gnu tools arm embedded/4.8 2014q2/bin/../lib/gcc/arm-none-eabi/4.8.4/../../../../arm-none-eabi/lib/armv7e-m/fpu\libm.a(lib_a-s_lround.o)
                              ..\obj\HMC833.o (lround)
c:/program files (x86)/gnu tools arm embedded/4.8 2014q2/bin/../lib/gcc/arm-none-eabi/4.8.4/../../../../arm-none-eabi/lib/armv7e-m/fpu\libm.a(lib_a-sf_round.o)
                              ..\obj\HMC624.o (roundf)
c:/program files (x86)/gnu tools arm embedded/4.8 2014q2/bin/../lib/gcc/arm-none-eabi/4.8.4/armv7e-m/fpu\libgcc.a(_arm_addsubdf3.o)
                              ..\obj\HMC833.o (__aeabi_dsub)
c:/program files (x86)/gnu tools arm embedded/4.8 2014q2/bin/../lib/gcc/arm-none-eabi/4.8.4/armv7e-m/fpu\libgcc.a(_arm_muldivdf3.o)
                              ..\obj\HMC833.o (__aeabi_dmul)
c:/program files (x86)/gnu tools arm embedded/4.8 2014q2/bin/../lib/gcc/arm-none-eabi/4.8.4/armv7e-m/fpu\libgcc.a(_arm_cmpdf2.o)
                              ..\obj\measurement functions.o (__aeabi_dcmplt)
c:/program files (x86)/gnu tools arm embedded/4.8 2014q2/bin/../lib/gcc/arm-none-eabi/4.8.4/armv7e-m/fpu\libgcc.a(_arm_fixdfsi.o)
                              ..\obj\HMC833.o (__aeabi_d2iz)
c:/program files (x86)/gnu tools arm embedded/4.8 2014q2/bin/../lib/gcc/arm-none-eabi/4.8.4/../../../../arm-none-eabi/lib/armv7e-m/fpu\libc.a(lib_a-memcpy.o)
                              ..\obj\usbd_cdc_vcp.o (memcpy)

Allocating common symbols
Common symbol       size              file

serialnum           0x4               ..\obj\main.o
SET_TEST_MODE       0x4               ..\obj\usbd_core.o
Current_HMC833_config_inst
                    0x3               ..\obj\HMC833.o
tempf_ptr           0x4               ..\obj\main.o
ADC_ST_values_inst  0x10              ..\obj\ADC.o
i                   0x4               ..\obj\main.o
usbd_cdc_OtherCfgDesc
                    0x43              ..\obj\usbd_cdc_core.o
Cali_reglin_inst    0xc               ..\obj\FLASH.o
USB_Rx_Buffer       0x40              ..\obj\usbd_cdc_core.o
freq_pointer        0x4               ..\obj\main.o
USART_InitStructure
                    0x10              ..\obj\usbd_cdc_vcp.o
USB_Rx_Cnt          0x2               ..\obj\usbd_cdc_core.o
CmdBuff             0x8               ..\obj\usbd_cdc_core.o
USB_OTG_dev         0x5f4             ..\obj\main.o
APP_Rx_Buffer       0x800             ..\obj\usbd_cdc_core.o
Current_results_inst
                    0x18              ..\obj\measurement functions.o
USBD_StrDesc        0xff              ..\obj\usbd_req.o

Discarded input sections

 .text          0x00000000        0x0 ..\obj\stm32f4xx_syscfg.o
 .data          0x00000000        0x0 ..\obj\stm32f4xx_syscfg.o
 .bss           0x00000000        0x0 ..\obj\stm32f4xx_syscfg.o
 .text.SYSCFG_DeInit
                0x00000000       0x1c ..\obj\stm32f4xx_syscfg.o
 .text.SYSCFG_MemoryRemapConfig
                0x00000000       0x20 ..\obj\stm32f4xx_syscfg.o
 .text.SYSCFG_EXTILineConfig
                0x00000000       0x7c ..\obj\stm32f4xx_syscfg.o
 .text.SYSCFG_ETH_MediaInterfaceConfig
                0x00000000       0x1c ..\obj\stm32f4xx_syscfg.o
 .text.SYSCFG_CompensationCellCmd
                0x00000000       0x20 ..\obj\stm32f4xx_syscfg.o
 .text.SYSCFG_GetCompensationCellStatus
                0x00000000       0x34 ..\obj\stm32f4xx_syscfg.o
 .debug_info    0x00000000      0x26c ..\obj\stm32f4xx_syscfg.o
 .debug_abbrev  0x00000000      0x131 ..\obj\stm32f4xx_syscfg.o
 .debug_aranges
                0x00000000       0x48 ..\obj\stm32f4xx_syscfg.o
 .debug_ranges  0x00000000       0x38 ..\obj\stm32f4xx_syscfg.o
 .debug_line    0x00000000      0x298 ..\obj\stm32f4xx_syscfg.o
 .debug_str     0x00000000      0x33d ..\obj\stm32f4xx_syscfg.o
 .comment       0x00000000       0x71 ..\obj\stm32f4xx_syscfg.o
 .ARM.attributes
                0x00000000       0x39 ..\obj\stm32f4xx_syscfg.o
 .debug_frame   0x00000000       0xbc ..\obj\stm32f4xx_syscfg.o
 .text          0x00000000        0x0 ..\obj\usb_core.o
 .data          0x00000000        0x0 ..\obj\usb_core.o
 .bss           0x00000000        0x0 ..\obj\usb_core.o
 .text.USB_OTG_IsHostMode
                0x00000000       0x24 ..\obj\usb_core.o
 .text.USB_OTG_ReadOtgItr
                0x00000000       0x1c ..\obj\usb_core.o
 .text.USB_OTG_ActiveRemoteWakeup
                0x00000000       0x8c ..\obj\usb_core.o
 .text.USB_OTG_StopDevice
                0x00000000       0x80 ..\obj\usb_core.o
 .text.USB_OTG_GetEPStatus
                0x00000000       0xac ..\obj\usb_core.o
 .text.USB_OTG_SetEPStatus
                0x00000000      0x12c ..\obj\usb_core.o
 .text          0x00000000        0x0 ..\obj\HMC624.o
[...]
Memory Configuration

Name             Origin             Length             Attributes
rom              0x08000000         0x00040000         xr
ram              0x20000000         0x00010000         xrw
*default*        0x00000000         0xffffffff

Linker script and memory map

                0x20010000                _eram = 0x20010000

.text           0x08000000     0x6470
 *(.isr_vector)
 .isr_vector    0x08000000      0x188 ..\obj\startup_stm32f4xx.o
                0x08000000                g_pfnVectors
 *(.text*)
 .text.USB_OTG_EnableCommonInt
                0x08000188       0x44 ..\obj\usb_core.o
 .text.USB_OTG_CoreReset
                0x080001cc       0x8c ..\obj\usb_core.o
 .text.USB_OTG_WritePacket
                0x08000258       0x70 ..\obj\usb_core.o
                0x08000258                USB_OTG_WritePacket
 .text.USB_OTG_ReadPacket
                0x080002c8       0x58 ..\obj\usb_core.o
                0x080002c8                USB_OTG_ReadPacket
 .text.USB_OTG_SelectCore
                0x08000320      0x174 ..\obj\usb_core.o
                0x08000320                USB_OTG_SelectCore
 .text.USB_OTG_CoreInit
                0x08000494      0x134 ..\obj\usb_core.o
                0x08000494                USB_OTG_CoreInit
 .text.USB_OTG_EnableGlobalInt
                0x080005c8       0x38 ..\obj\usb_core.o
                0x080005c8                USB_OTG_EnableGlobalInt
 .text.USB_OTG_DisableGlobalInt
                0x08000600       0x38 ..\obj\usb_core.o
                0x08000600                USB_OTG_DisableGlobalInt
 .text.USB_OTG_FlushTxFifo
                0x08000638       0x74 ..\obj\usb_core.o
                0x08000638                USB_OTG_FlushTxFifo
 .text.USB_OTG_FlushRxFifo
                0x080006ac       0x60 ..\obj\usb_core.o
                0x080006ac                USB_OTG_FlushRxFifo
 .text.USB_OTG_SetCurrentMode
                0x0800070c       0x60 ..\obj\usb_core.o
                0x0800070c                USB_OTG_SetCurrentMode
 .text.USB_OTG_GetMode
                0x0800076c       0x20 ..\obj\usb_core.o
                0x0800076c                USB_OTG_GetMode
 .text.USB_OTG_IsDeviceMode
                0x0800078c       0x24 ..\obj\usb_core.o
                0x0800078c                USB_OTG_IsDeviceMode
 .text.USB_OTG_ReadCoreItr
                0x080007b0       0x30 ..\obj\usb_core.o
                0x080007b0                USB_OTG_ReadCoreItr
 .text.USB_OTG_InitDevSpeed
                0x080007e0       0x38 ..\obj\usb_core.o
                0x080007e0                USB_OTG_InitDevSpeed
 .text.USB_OTG_CoreInitDev
                0x08000818      0x280 ..\obj\usb_core.o
                0x08000818                USB_OTG_CoreInitDev
 .text.USB_OTG_EnableDevInt
                0x08000a98       0xa8 ..\obj\usb_core.o
                0x08000a98                USB_OTG_EnableDevInt
 .text.USB_OTG_GetDeviceSpeed
                0x08000b40       0x48 ..\obj\usb_core.o
                0x08000b40                USB_OTG_GetDeviceSpeed
 .text.USB_OTG_EP0Activate
                0x08000b88       0x78 ..\obj\usb_core.o
                0x08000b88                USB_OTG_EP0Activate
 .text.USB_OTG_EPActivate
                0x08000c00       0xdc ..\obj\usb_core.o
                0x08000c00                USB_OTG_EPActivate
 .text.USB_OTG_EPDeactivate
                0x08000cdc       0x8c ..\obj\usb_core.o
                0x08000cdc                USB_OTG_EPDeactivate
 .text.USB_OTG_EPStartXfer
                0x08000d68      0x280 ..\obj\usb_core.o
                0x08000d68                USB_OTG_EPStartXfer
 .text.USB_OTG_EP0StartXfer
                0x08000fe8      0x1d4 ..\obj\usb_core.o
                0x08000fe8                USB_OTG_EP0StartXfer
 .text.USB_OTG_EPSetStall
                0x080011bc       0x88 ..\obj\usb_core.o
                0x080011bc                USB_OTG_EPSetStall
 .text.USB_OTG_EPClearStall
                0x08001244       0x78 ..\obj\usb_core.o
                0x08001244                USB_OTG_EPClearStall
 .text.USB_OTG_ReadDevAllOutEp_itr
                0x080012bc       0x2c ..\obj\usb_core.o
                0x080012bc                USB_OTG_ReadDevAllOutEp_itr
 .text.USB_OTG_ReadDevOutEP_itr
                0x080012e8       0x38 ..\obj\usb_core.o
                0x080012e8                USB_OTG_ReadDevOutEP_itr
 .text.USB_OTG_ReadDevAllInEPItr
                0x08001320       0x2c ..\obj\usb_core.o
                0x08001320                USB_OTG_ReadDevAllInEPItr
 .text.USB_OTG_EP0_OutStart
                0x0800134c       0x70 ..\obj\usb_core.o
                0x0800134c                USB_OTG_EP0_OutStart
 .text.USB_OTG_UngateClock
                0x080013bc       0x54 ..\obj\usb_core.o
                0x080013bc                USB_OTG_UngateClock
 .text.HMC624_init
                0x08001410       0x6c ..\obj\HMC624.o
                0x08001410                HMC624_init
 .text.HMC624_set_attenuation
                0x0800147c       0xd0 ..\obj\HMC624.o
                0x0800147c                HMC624_set_attenuation
 .text.USBD_USR_Init
                0x0800154c        0xc ..\obj\usbd_usr.o
                0x0800154c                USBD_USR_Init
 .text.USBD_USR_DeviceReset
                0x08001558       0x20 ..\obj\usbd_usr.o
                0x08001558                USBD_USR_DeviceReset
 .text.USBD_USR_DeviceConfigured
                0x08001578        0xc ..\obj\usbd_usr.o
                0x08001578                USBD_USR_DeviceConfigured
 .text.USBD_USR_DeviceSuspended
                0x08001584        0xc ..\obj\usbd_usr.o
                0x08001584                USBD_USR_DeviceSuspended
 .text.USBD_USR_DeviceResumed
                0x08001590        0xc ..\obj\usbd_usr.o
                0x08001590                USBD_USR_DeviceResumed
 .text.USBD_USR_DeviceConnected
                0x0800159c        0xc ..\obj\usbd_usr.o
                0x0800159c                USBD_USR_DeviceConnected
 .text.USBD_USR_DeviceDisconnected
                0x080015a8        0xc ..\obj\usbd_usr.o
                0x080015a8                USBD_USR_DeviceDisconnected
 .text.HMC345_init
                0x080015b4       0x38 ..\obj\HMC345.o
                0x080015b4                HMC345_init
 .text.HMC345_set_path
                0x080015ec       0x9c ..\obj\HMC345.o
                0x080015ec                HMC345_set_path
 .text.USART_ReceiveData
                0x08001688       0x20 ..\obj\stm32f4xx_usart.o
                0x08001688                USART_ReceiveData
 .text.USART_GetFlagStatus
                0x080016a8       0x38 ..\obj\stm32f4xx_usart.o
                0x080016a8                USART_GetFlagStatus
 .text.USART_GetITStatus
                0x080016e0       0xb0 ..\obj\stm32f4xx_usart.o
                0x080016e0                USART_GetITStatus
 .text.set_warm_up_state
                0x08001790       0x34 ..\obj\measurement functions.o
                0x08001790                set_warm_up_state
 .text.clear_buf
                0x080017c4       0x38 ..\obj\measurement functions.o
                0x080017c4                clear_buf
 *fill*         0x080017fc        0x4 
 .text.select_frequency
                0x08001800      0x130 ..\obj\measurement functions.o
                0x08001800                select_frequency
 .text.HMC833_set_clockout
                0x08001930       0x4c ..\obj\HMC833.o
                0x08001930                HMC833_set_clockout
 .text.HMC833_initial_config
                0x0800197c      0x1a0 ..\obj\HMC833.o
                0x0800197c                HMC833_initial_config
 .text.HMC833_set_frequency
                0x08001b1c       0xd8 ..\obj\HMC833.o
                0x08001b1c                HMC833_set_frequency
 .text.HMC833_set_multiplier
                0x08001bf4       0x4c ..\obj\HMC833.o
                0x08001bf4                HMC833_set_multiplier
 .text.HMC833_set_atten1
                0x08001c40       0x9c ..\obj\HMC833.o
                0x08001c40                HMC833_set_atten1
 .text.HMC833_set_atten2
                0x08001cdc       0x4c ..\obj\HMC833.o
                0x08001cdc                HMC833_set_atten2
 .text.HMC833_send_zero_to_05reg
                0x08001d28       0x24 ..\obj\HMC833.o
                0x08001d28                HMC833_send_zero_to_05reg
 .text.HMC833_is_busy
                0x08001d4c       0x28 ..\obj\HMC833.o
                0x08001d4c                HMC833_is_busy
 .text.Default_Reset_Handler
                0x08001d74       0x5c ..\obj\startup_stm32f4xx.o
                0x08001d74                Default_Reset_Handler
                0x08001d74                Reset_Handler
 .text.Default_Handler
                0x08001dd0        0x8 ..\obj\startup_stm32f4xx.o
                0x08001dd0                RTC_Alarm_IRQHandler
                0x08001dd0                HASH_RNG_IRQHandler
                0x08001dd0                EXTI2_IRQHandler
                0x08001dd0                TIM8_CC_IRQHandler
                0x08001dd0                TIM1_CC_IRQHandler
                0x08001dd0                DMA2_Stream5_IRQHandler
                0x08001dd0                DMA1_Stream5_IRQHandler
                0x08001dd0                PVD_IRQHandler
                0x08001dd0                SDIO_IRQHandler
                0x08001dd0                TAMP_STAMP_IRQHandler
                0x08001dd0                CAN2_RX1_IRQHandler
                0x08001dd0                EXTI3_IRQHandler
                0x08001dd0                TIM8_TRG_COM_TIM14_IRQHandler
                0x08001dd0                TIM1_UP_TIM10_IRQHandler
                0x08001dd0                TIM8_UP_TIM13_IRQHandler
                0x08001dd0                I2C3_ER_IRQHandler
                0x08001dd0                EXTI0_IRQHandler
                0x08001dd0                I2C2_EV_IRQHandler
                0x08001dd0                DMA1_Stream2_IRQHandler
                0x08001dd0                CAN1_RX0_IRQHandler
                0x08001dd0                FPU_IRQHandler
                0x08001dd0                OTG_HS_WKUP_IRQHandler
                0x08001dd0                CAN2_SCE_IRQHandler
                0x08001dd0                DMA2_Stream2_IRQHandler
                0x08001dd0                SPI1_IRQHandler
                0x08001dd0                TIM6_DAC_IRQHandler
                0x08001dd0                TIM1_BRK_TIM9_IRQHandler
                0x08001dd0                DCMI_IRQHandler
                0x08001dd0                CAN2_RX0_IRQHandler
                0x08001dd0                DMA2_Stream3_IRQHandler
                0x08001dd0                USART6_IRQHandler
                0x08001dd0                CRYP_IRQHandler
                0x08001dd0                CAN1_RX1_IRQHandler
                0x08001dd0                UART5_IRQHandler
                0x08001dd0                DMA2_Stream0_IRQHandler
                0x08001dd0                TIM4_IRQHandler
                0x08001dd0                I2C1_EV_IRQHandler
                0x08001dd0                DMA1_Stream6_IRQHandler
                0x08001dd0                DMA1_Stream1_IRQHandler
                0x08001dd0                UART4_IRQHandler
                0x08001dd0                RCC_IRQHandler
                0x08001dd0                TIM8_BRK_TIM12_IRQHandler
                0x08001dd0                EXTI15_10_IRQHandler
                0x08001dd0                ADC_IRQHandler
                0x08001dd0                DMA1_Stream7_IRQHandler
                0x08001dd0                TIM7_IRQHandler
                0x08001dd0                CAN2_TX_IRQHandler
                0x08001dd0                TIM5_IRQHandler
                0x08001dd0                DMA2_Stream7_IRQHandler
                0x08001dd0                I2C3_EV_IRQHandler
                0x08001dd0                EXTI9_5_IRQHandler
                0x08001dd0                RTC_WKUP_IRQHandler
                0x08001dd0                ETH_WKUP_IRQHandler
                0x08001dd0                SPI2_IRQHandler
                0x08001dd0                OTG_HS_EP1_IN_IRQHandler
                0x08001dd0                DMA1_Stream0_IRQHandler
                0x08001dd0                CAN1_TX_IRQHandler
                0x08001dd0                EXTI4_IRQHandler
                0x08001dd0                FSMC_IRQHandler
                0x08001dd0                ETH_IRQHandler
                0x08001dd0                OTG_HS_EP1_OUT_IRQHandler
                0x08001dd0                WWDG_IRQHandler
                0x08001dd0                TIM1_TRG_COM_TIM11_IRQHandler
                0x08001dd0                OTG_HS_IRQHandler
                0x08001dd0                EXTI1_IRQHandler
                0x08001dd0                USART2_IRQHandler
                0x08001dd0                I2C2_ER_IRQHandler
                0x08001dd0                DMA2_Stream1_IRQHandler
                0x08001dd0                CAN1_SCE_IRQHandler
                0x08001dd0                FLASH_IRQHandler
                0x08001dd0                DMA2_Stream4_IRQHandler
                0x08001dd0                USART1_IRQHandler
                0x08001dd0                SPI3_IRQHandler
                0x08001dd0                DMA1_Stream4_IRQHandler
                0x08001dd0                I2C1_ER_IRQHandler
                0x08001dd0                DMA2_Stream6_IRQHandler
                0x08001dd0                DMA1_Stream3_IRQHandler
 .text.USBD_Init
                0x08001dd8       0x54 ..\obj\usbd_core.o
                0x08001dd8                USBD_Init
 .text.USBD_DeInit
                0x08001e2c       0x18 ..\obj\usbd_core.o
                0x08001e2c                USBD_DeInit
 .text.USBD_SetupStage
                0x08001e44       0x6c ..\obj\usbd_core.o
 .text.USBD_DataOutStage
                0x08001eb0       0xd0 ..\obj\usbd_core.o
 .text.USBD_DataInStage
                0x08001f80      0x11c ..\obj\usbd_core.o
 .text.USBD_RunTestMode
                0x0800209c       0x24 ..\obj\usbd_core.o
 .text.USBD_Reset
                0x080020c0       0x44 ..\obj\usbd_core.o
 .text.USBD_Resume
                0x08002104       0x30 ..\obj\usbd_core.o
 .text.USBD_Suspend
                0x08002134       0x30 ..\obj\usbd_core.o
 .text.USBD_SOF
                0x08002164       0x2c ..\obj\usbd_core.o
 .text.USBD_SetCfg
                0x08002190       0x30 ..\obj\usbd_core.o
                0x08002190                USBD_SetCfg
 .text.USBD_ClrCfg
                0x080021c0       0x28 ..\obj\usbd_core.o
                0x080021c0                USBD_ClrCfg
 .text.USBD_IsoINIncomplete
                0x080021e8       0x20 ..\obj\usbd_core.o
 .text.USBD_IsoOUTIncomplete
                0x08002208       0x20 ..\obj\usbd_core.o
 .text.USBD_DevConnected
                0x08002228       0x24 ..\obj\usbd_core.o
 .text.USBD_DevDisconnected
                0x0800224c       0x34 ..\obj\usbd_core.o
 .text.main     0x08002280       0x84 ..\obj\main.o
                0x08002280                main
 .text.RCC_MCO2Config
                0x08002304       0x3c ..\obj\stm32f4xx_rcc.o
                0x08002304                RCC_MCO2Config
 .text.RCC_AHB1PeriphClockCmd
                0x08002340       0x3c ..\obj\stm32f4xx_rcc.o
                0x08002340                RCC_AHB1PeriphClockCmd
 .text.RCC_AHB2PeriphClockCmd
                0x0800237c       0x3c ..\obj\stm32f4xx_rcc.o
                0x0800237c                RCC_AHB2PeriphClockCmd
 .text.RCC_APB1PeriphClockCmd
                0x080023b8       0x3c ..\obj\stm32f4xx_rcc.o
                0x080023b8                RCC_APB1PeriphClockCmd
 .text.RCC_APB2PeriphClockCmd
                0x080023f4       0x3c ..\obj\stm32f4xx_rcc.o
                0x080023f4                RCC_APB2PeriphClockCmd
 .text.FLASH_read
                0x08002430       0x1c ..\obj\FLASH.o
                0x08002430                FLASH_read
 .text.FLASH_read_reglin
                0x0800244c       0x3c ..\obj\FLASH.o
                0x0800244c                FLASH_read_reglin
 .text.FLASH_write_reglin
                0x08002488       0x18 ..\obj\FLASH.o
                0x08002488                FLASH_write_reglin
 .text.FLASH_read_serialnum
                0x080024a0       0x14 ..\obj\FLASH.o
                0x080024a0                FLASH_read_serialnum
 .text.FLASH_write_serialnum
                0x080024b4       0x70 ..\obj\FLASH.o
                0x080024b4                FLASH_write_serialnum
 .text.ADC_init
                0x08002524       0x8c ..\obj\ADC.o
                0x08002524                ADC_init
 .text.ADC_set_ST_values
                0x080025b0       0xd8 ..\obj\ADC.o
                0x080025b0                ADC_set_ST_values
 .text.ADC_Init
                0x08002688       0xa8 ..\obj\stm32f4xx_adc.o
                0x08002688                ADC_Init
 .text.ADC_CommonInit
                0x08002730       0x50 ..\obj\stm32f4xx_adc.o
                0x08002730                ADC_CommonInit
 .text.ADC_Cmd  0x08002780       0x38 ..\obj\stm32f4xx_adc.o
                0x08002780                ADC_Cmd
 .text.USBD_USR_DeviceDescriptor
                0x080027b8       0x24 ..\obj\usbd_desc.o
                0x080027b8                USBD_USR_DeviceDescriptor
 .text.USBD_USR_LangIDStrDescriptor
                0x080027dc       0x24 ..\obj\usbd_desc.o
                0x080027dc                USBD_USR_LangIDStrDescriptor
 .text.USBD_USR_ProductStrDescriptor
                0x08002800       0x40 ..\obj\usbd_desc.o
                0x08002800                USBD_USR_ProductStrDescriptor
 .text.USBD_USR_ManufacturerStrDescriptor
                0x08002840       0x28 ..\obj\usbd_desc.o
                0x08002840                USBD_USR_ManufacturerStrDescriptor
 .text.USBD_USR_SerialStrDescriptor
                0x08002868       0x40 ..\obj\usbd_desc.o
                0x08002868                USBD_USR_SerialStrDescriptor
 .text.USBD_USR_ConfigStrDescriptor
                0x080028a8       0x3c ..\obj\usbd_desc.o
                0x080028a8                USBD_USR_ConfigStrDescriptor
 .text.USBD_USR_InterfaceStrDescriptor
                0x080028e4       0x3c ..\obj\usbd_desc.o
                0x080028e4                USBD_USR_InterfaceStrDescriptor
 .text.GPIO_Init
                0x08002920      0x11c ..\obj\stm32f4xx_gpio.o
                0x08002920                GPIO_Init
 .text.GPIO_SetBits
                0x08002a3c       0x1c ..\obj\stm32f4xx_gpio.o
                0x08002a3c                GPIO_SetBits
 .text.GPIO_ResetBits
                0x08002a58       0x1c ..\obj\stm32f4xx_gpio.o
                0x08002a58                GPIO_ResetBits
 .text.GPIO_PinAFConfig
                0x08002a74       0x8c ..\obj\stm32f4xx_gpio.o
                0x08002a74                GPIO_PinAFConfig
 .text.FLASH_Unlock
                0x08002b00       0x2c ..\obj\stm32f4xx_flash.o
                0x08002b00                FLASH_Unlock
 .text.FLASH_Lock
                0x08002b2c       0x1c ..\obj\stm32f4xx_flash.o
                0x08002b2c                FLASH_Lock
 .text.FLASH_ProgramWord
                0x08002b48       0x68 ..\obj\stm32f4xx_flash.o
                0x08002b48                FLASH_ProgramWord
 .text.FLASH_ClearFlag
                0x08002bb0       0x1c ..\obj\stm32f4xx_flash.o
                0x08002bb0                FLASH_ClearFlag
 .text.FLASH_GetStatus
                0x08002bcc       0x68 ..\obj\stm32f4xx_flash.o
                0x08002bcc                FLASH_GetStatus
 .text.FLASH_WaitForLastOperation
                0x08002c34       0x30 ..\obj\stm32f4xx_flash.o
                0x08002c34                FLASH_WaitForLastOperation
 .text.VCP_Init
                0x08002c64       0x3c ..\obj\usbd_cdc_vcp.o
 .text.VCP_DeInit
                0x08002ca0       0x10 ..\obj\usbd_cdc_vcp.o
 .text.VCP_Ctrl
                0x08002cb0      0x15c ..\obj\usbd_cdc_vcp.o
 .text.VCP_DataTx
                0x08002e0c       0x64 ..\obj\usbd_cdc_vcp.o
                0x08002e0c                VCP_DataTx
 .text.VCP_DataRx
                0x08002e70      0x1ac ..\obj\usbd_cdc_vcp.o
 .text.VCP_COMConfig
                0x0800301c       0x18 ..\obj\usbd_cdc_vcp.o
 .text.USART3_IRQHandler
                0x08003034       0x38 ..\obj\usbd_cdc_vcp.o
                0x08003034                USART3_IRQHandler
 .text.SystemInit
                0x0800306c       0x68 ..\obj\system_stm32f4xx.o
                0x0800306c                SystemInit
 .text.SetSysClock
                0x080030d4       0xc0 ..\obj\system_stm32f4xx.o
 .text.USB_OTG_BSP_Init
                0x08003194       0x64 ..\obj\usb_bsp.o
                0x08003194                USB_OTG_BSP_Init
 .text.USB_OTG_BSP_EnableInterrupt
                0x080031f8       0x30 ..\obj\usb_bsp.o
                0x080031f8                USB_OTG_BSP_EnableInterrupt
 .text.USB_OTG_BSP_uDelay
                0x08003228       0x48 ..\obj\usb_bsp.o
                0x08003228                USB_OTG_BSP_uDelay
 .text.USB_OTG_BSP_mDelay
                0x08003270       0x20 ..\obj\usb_bsp.o
                0x08003270                USB_OTG_BSP_mDelay
 .text.USBD_StdDevReq
                0x08003290       0xa0 ..\obj\usbd_req.o
                0x08003290                USBD_StdDevReq
 .text.USBD_StdItfReq
                0x08003330       0x68 ..\obj\usbd_req.o
                0x08003330                USBD_StdItfReq
 .text.USBD_StdEPReq
                0x08003398      0x1b0 ..\obj\usbd_req.o
                0x08003398                USBD_StdEPReq
 .text.USBD_GetDescriptor
                0x08003548      0x1b8 ..\obj\usbd_req.o
 .text.USBD_SetAddress
                0x08003700       0x7c ..\obj\usbd_req.o
 .text.USBD_SetConfig
                0x0800377c       0xf4 ..\obj\usbd_req.o
 .text.USBD_GetConfig
                0x08003870       0x60 ..\obj\usbd_req.o
 .text.USBD_GetStatus
                0x080038d0       0x54 ..\obj\usbd_req.o
 .text.USBD_SetFeature
                0x08003924       0xd8 ..\obj\usbd_req.o
 .text.USBD_ClrFeature
                0x080039fc       0x50 ..\obj\usbd_req.o
 .text.USBD_ParseSetupRequest
                0x08003a4c       0x8c ..\obj\usbd_req.o
                0x08003a4c                USBD_ParseSetupRequest
 .text.USBD_CtlError
                0x08003ad8       0x28 ..\obj\usbd_req.o
                0x08003ad8                USBD_CtlError
 .text.USBD_GetString
                0x08003b00       0x7c ..\obj\usbd_req.o
                0x08003b00                USBD_GetString
 .text.USBD_GetLen
                0x08003b7c       0x30 ..\obj\usbd_req.o
 .text.USBD_OTG_ISR_Handler
                0x08003bac      0x190 ..\obj\usb_dcd_int.o
                0x08003bac                USBD_OTG_ISR_Handler
 .text.DCD_SessionRequest_ISR
                0x08003d3c       0x34 ..\obj\usb_dcd_int.o
 .text.DCD_OTG_ISR
                0x08003d70       0x3c ..\obj\usb_dcd_int.o
 .text.DCD_HandleResume_ISR
                0x08003dac       0x80 ..\obj\usb_dcd_int.o
 .text.DCD_HandleUSBSuspend_ISR
                0x08003e2c       0xbc ..\obj\usb_dcd_int.o
 .text.DCD_HandleInEP_ISR
                0x08003ee8      0x19c ..\obj\usb_dcd_int.o
 .text.DCD_HandleOutEP_ISR
                0x08004084      0x150 ..\obj\usb_dcd_int.o
 .text.DCD_HandleSof_ISR
                0x080041d4       0x34 ..\obj\usb_dcd_int.o
 .text.DCD_HandleRxStatusQueueLevel_ISR
                0x08004208      0x104 ..\obj\usb_dcd_int.o
 .text.DCD_WriteEmptyTxFifo
                0x0800430c       0xe4 ..\obj\usb_dcd_int.o
 .text.DCD_HandleUsbReset_ISR
                0x080043f0      0x12c ..\obj\usb_dcd_int.o
 .text.DCD_HandleEnumDone_ISR
                0x0800451c       0x78 ..\obj\usb_dcd_int.o
 .text.DCD_IsoINIncomplete_ISR
                0x08004594       0x34 ..\obj\usb_dcd_int.o
 .text.DCD_IsoOUTIncomplete_ISR
                0x080045c8       0x34 ..\obj\usb_dcd_int.o
 .text.DCD_ReadDevInEP
                0x080045fc       0x50 ..\obj\usb_dcd_int.o
 .text.usbd_cdc_Init
                0x0800464c       0x6c ..\obj\usbd_cdc_core.o
 .text.usbd_cdc_DeInit
                0x080046b8       0x38 ..\obj\usbd_cdc_core.o
 .text.usbd_cdc_Setup
                0x080046f0      0x12c ..\obj\usbd_cdc_core.o
 .text.usbd_cdc_EP0_RxReady
                0x0800481c       0x44 ..\obj\usbd_cdc_core.o
 .text.usbd_cdc_DataIn
                0x08004860       0x1c ..\obj\usbd_cdc_core.o
 .text.usbd_cdc_DataOut
                0x0800487c       0x58 ..\obj\usbd_cdc_core.o
 .text.usbd_cdc_SOF
                0x080048d4       0x30 ..\obj\usbd_cdc_core.o
 .text.Handle_USBAsynchXfer
                0x08004904       0x14 ..\obj\usbd_cdc_core.o
 .text.USBD_cdc_GetCfgDesc
                0x08004918       0x24 ..\obj\usbd_cdc_core.o
 .text.SPI_Initialize
                0x0800493c       0xd0 ..\obj\SPI.o
                0x0800493c                SPI_Initialize
 .text.SPI_read
                0x08004a0c       0xbc ..\obj\SPI.o
                0x08004a0c                SPI_read
 .text.SPI_write
                0x08004ac8       0xc0 ..\obj\SPI.o
                0x08004ac8                SPI_write
 .text.SPI_Init
                0x08004b88       0x88 ..\obj\stm32f4xx_spi.o
                0x08004b88                SPI_Init
 .text.SPI_Cmd  0x08004c10       0x40 ..\obj\stm32f4xx_spi.o
                0x08004c10                SPI_Cmd
 .text.SPI_I2S_ReceiveData
                0x08004c50       0x1c ..\obj\stm32f4xx_spi.o
                0x08004c50                SPI_I2S_ReceiveData
 .text.SPI_I2S_SendData
                0x08004c6c       0x1c ..\obj\stm32f4xx_spi.o
                0x08004c6c                SPI_I2S_SendData
 .text.SPI_I2S_GetFlagStatus
                0x08004c88       0x38 ..\obj\stm32f4xx_spi.o
                0x08004c88                SPI_I2S_GetFlagStatus
 .text.EXTI_ClearITPendingBit
                0x08004cc0       0x1c ..\obj\stm32f4xx_exti.o
                0x08004cc0                EXTI_ClearITPendingBit
 .text.NVIC_PriorityGroupConfig
                0x08004cdc       0x24 ..\obj\misc.o
                0x08004cdc                NVIC_PriorityGroupConfig
 .text.NVIC_Init
                0x08004d00       0xbc ..\obj\misc.o
                0x08004d00                NVIC_Init
 .text.DCD_Init
                0x08004dbc      0x104 ..\obj\usb_dcd.o
                0x08004dbc                DCD_Init
 .text.DCD_EP_Open
                0x08004ec0       0xa0 ..\obj\usb_dcd.o
                0x08004ec0                DCD_EP_Open
 .text.DCD_EP_Close
                0x08004f60       0x74 ..\obj\usb_dcd.o
                0x08004f60                DCD_EP_Close
 .text.DCD_EP_PrepareRx
                0x08004fd4       0x80 ..\obj\usb_dcd.o
                0x08004fd4                DCD_EP_PrepareRx
 .text.DCD_EP_Tx
                0x08005054       0x78 ..\obj\usb_dcd.o
                0x08005054                DCD_EP_Tx
 .text.DCD_EP_Stall
                0x080050cc       0x78 ..\obj\usb_dcd.o
                0x080050cc                DCD_EP_Stall
 .text.DCD_EP_ClrStall
                0x08005144       0x78 ..\obj\usb_dcd.o
                0x08005144                DCD_EP_ClrStall
 .text.DCD_EP_SetAddress
                0x080051bc       0x3c ..\obj\usb_dcd.o
                0x080051bc                DCD_EP_SetAddress
 .text.NMI_Handler
                0x080051f8        0xc ..\obj\stm32fxxx_it.o
                0x080051f8                NMI_Handler
 .text.HardFault_Handler
                0x08005204        0x8 ..\obj\stm32fxxx_it.o
                0x08005204                HardFault_Handler
 .text.MemManage_Handler
                0x0800520c        0x8 ..\obj\stm32fxxx_it.o
                0x0800520c                MemManage_Handler
 .text.BusFault_Handler
                0x08005214        0x8 ..\obj\stm32fxxx_it.o
                0x08005214                BusFault_Handler
 .text.UsageFault_Handler
                0x0800521c        0x8 ..\obj\stm32fxxx_it.o
                0x0800521c                UsageFault_Handler
 .text.SVC_Handler
                0x08005224        0xc ..\obj\stm32fxxx_it.o
                0x08005224                SVC_Handler
 .text.DebugMon_Handler
                0x08005230        0xc ..\obj\stm32fxxx_it.o
                0x08005230                DebugMon_Handler
 .text.PendSV_Handler
                0x0800523c        0xc ..\obj\stm32fxxx_it.o
                0x0800523c                PendSV_Handler
 .text.SysTick_Handler
                0x08005248        0xc ..\obj\stm32fxxx_it.o
                0x08005248                SysTick_Handler
 .text.TIM3_IRQHandler
                0x08005254       0x4c ..\obj\stm32fxxx_it.o
                0x08005254                TIM3_IRQHandler
 .text.TIM2_IRQHandler
                0x080052a0        0xc ..\obj\stm32fxxx_it.o
                0x080052a0                TIM2_IRQHandler
 .text.OTG_FS_WKUP_IRQHandler
                0x080052ac       0x34 ..\obj\stm32fxxx_it.o
                0x080052ac                OTG_FS_WKUP_IRQHandler
 .text.OTG_FS_IRQHandler
                0x080052e0       0x10 ..\obj\stm32fxxx_it.o
                0x080052e0                OTG_FS_IRQHandler
 .text.USBD_CtlSendData
                0x080052f0       0x40 ..\obj\usbd_ioreq.o
                0x080052f0                USBD_CtlSendData
 .text.USBD_CtlContinueSendData
                0x08005330       0x28 ..\obj\usbd_ioreq.o
                0x08005330                USBD_CtlContinueSendData
 .text.USBD_CtlPrepareRx
                0x08005358       0x40 ..\obj\usbd_ioreq.o
                0x08005358                USBD_CtlPrepareRx
 .text.USBD_CtlContinueRx
                0x08005398       0x28 ..\obj\usbd_ioreq.o
                0x08005398                USBD_CtlContinueRx
 .text.USBD_CtlSendStatus
                0x080053c0       0x30 ..\obj\usbd_ioreq.o
                0x080053c0                USBD_CtlSendStatus
 .text.USBD_CtlReceiveStatus
                0x080053f0       0x30 ..\obj\usbd_ioreq.o
                0x080053f0                USBD_CtlReceiveStatus
 .text.LED_init
                0x08005420       0x38 ..\obj\LED.o
                0x08005420                LED_init
 .text.LED_on   0x08005458       0x20 ..\obj\LED.o
                0x08005458                LED_on
 .text.LED_off  0x08005478       0x20 ..\obj\LED.o
                0x08005478                LED_off
 .text.TIM_delay_ms
                0x08005498       0xac ..\obj\TIM.o
                0x08005498                TIM_delay_ms
 .text.TIM_warm_up
                0x08005544       0x70 ..\obj\TIM.o
                0x08005544                TIM_warm_up
 .text.TIM_TimeBaseInit
                0x080055b4       0xd4 ..\obj\stm32f4xx_tim.o
                0x080055b4                TIM_TimeBaseInit
 .text.TIM_Cmd  0x08005688       0x40 ..\obj\stm32f4xx_tim.o
                0x08005688                TIM_Cmd
 .text.TIM_ITConfig
                0x080056c8       0x48 ..\obj\stm32f4xx_tim.o
                0x080056c8                TIM_ITConfig
 .text.TIM_GetITStatus
                0x08005710       0x54 ..\obj\stm32f4xx_tim.o
                0x08005710                TIM_GetITStatus
 .text.TIM_ClearITPendingBit
                0x08005764       0x20 ..\obj\stm32f4xx_tim.o
                0x08005764                TIM_ClearITPendingBit
 *fill*         0x08005784        0x4 
 .text.floor    0x08005788      0x138 c:/program files (x86)/gnu tools arm embedded/4.8 2014q2/bin/../lib/gcc/arm-none-eabi/4.8.4/../../../../arm-none-eabi/lib/armv7e-m/fpu\libm.a(lib_a-s_floor.o)
                0x08005788                floor
 .text.lround   0x080058c0       0x9c c:/program files (x86)/gnu tools arm embedded/4.8 2014q2/bin/../lib/gcc/arm-none-eabi/4.8.4/../../../../arm-none-eabi/lib/armv7e-m/fpu\libm.a(lib_a-s_lround.o)
                0x080058c0                lround
 .text.roundf   0x0800595c       0x54 c:/program files (x86)/gnu tools arm embedded/4.8 2014q2/bin/../lib/gcc/arm-none-eabi/4.8.4/../../../../arm-none-eabi/lib/armv7e-m/fpu\libm.a(lib_a-sf_round.o)
                0x0800595c                roundf
 .text          0x080059b0      0x370 c:/program files (x86)/gnu tools arm embedded/4.8 2014q2/bin/../lib/gcc/arm-none-eabi/4.8.4/armv7e-m/fpu\libgcc.a(_arm_addsubdf3.o)
                0x080059b0                __aeabi_drsub
                0x080059b8                __aeabi_dsub
                0x080059b8                __subdf3
                0x080059bc                __aeabi_dadd
                0x080059bc                __adddf3
                0x08005c34                __floatunsidf
                0x08005c34                __aeabi_ui2d
                0x08005c54                __floatsidf
                0x08005c54                __aeabi_i2d
                0x08005c78                __aeabi_f2d
                0x08005c78                __extendsfdf2
                0x08005cb4                __floatundidf
                0x08005cb4                __aeabi_ul2d
                0x08005cc4                __floatdidf
                0x08005cc4                __aeabi_l2d
 .text          0x08005d20      0x424 c:/program files (x86)/gnu tools arm embedded/4.8 2014q2/bin/../lib/gcc/arm-none-eabi/4.8.4/armv7e-m/fpu\libgcc.a(_arm_muldivdf3.o)
                0x08005d20                __aeabi_dmul
                0x08005d20                __muldf3
                0x08005f74                __divdf3
                0x08005f74                __aeabi_ddiv
 .text          0x08006144      0x110 c:/program files (x86)/gnu tools arm embedded/4.8 2014q2/bin/../lib/gcc/arm-none-eabi/4.8.4/armv7e-m/fpu\libgcc.a(_arm_cmpdf2.o)
                0x08006144                __gtdf2
                0x08006144                __gedf2
                0x0800614c                __ltdf2
                0x0800614c                __ledf2
                0x08006154                __nedf2
                0x08006154                __eqdf2
                0x08006154                __cmpdf2
                0x080061d0                __aeabi_cdrcmple
                0x080061e0                __aeabi_cdcmpeq
                0x080061e0                __aeabi_cdcmple
                0x080061f0                __aeabi_dcmpeq
                0x08006204                __aeabi_dcmplt
                0x08006218                __aeabi_dcmple
                0x0800622c                __aeabi_dcmpge
                0x08006240                __aeabi_dcmpgt
 .text          0x08006254       0x50 c:/program files (x86)/gnu tools arm embedded/4.8 2014q2/bin/../lib/gcc/arm-none-eabi/4.8.4/armv7e-m/fpu\libgcc.a(_arm_fixdfsi.o)
                0x08006254                __aeabi_d2iz
                0x08006254                __fixdfsi
 .text          0x080062a4      0x134 c:/program files (x86)/gnu tools arm embedded/4.8 2014q2/bin/../lib/gcc/arm-none-eabi/4.8.4/../../../../arm-none-eabi/lib/armv7e-m/fpu\libc.a(lib_a-memcpy.o)
                0x080062a4                memcpy
 *(.init)
 *(.fini)
 *crtbegin.o(.ctors)
 *crtbegin?.o(.ctors)
 *(EXCLUDE_FILE(*crtend.o *crtend?.o) .ctors)
 *(SORT(.ctors.*))
 *(.ctors)
 *crtbegin.o(.dtors)
 *crtbegin?.o(.dtors)
 *(EXCLUDE_FILE(*crtend.o *crtend?.o) .dtors)
 *(SORT(.dtors.*))
 *(.dtors)
 *(.rodata*)
 .rodata        0x080063d8       0x98 ..\obj\usbd_desc.o
 *(.eh_fram e*)

.glue_7         0x08006470        0x0
 .glue_7        0x00000000        0x0 linker stubs

.glue_7t        0x08006470        0x0
 .glue_7t       0x00000000        0x0 linker stubs

.vfp11_veneer   0x08006470        0x0
 .vfp11_veneer  0x00000000        0x0 linker stubs

.v4_bx          0x08006470        0x0
 .v4_bx         0x00000000        0x0 linker stubs

.iplt           0x08006470        0x0
 .iplt          0x00000000        0x0 ..\obj\stm32f4xx_syscfg.o

.rel.dyn        0x08006470        0x0
 .rel.iplt      0x00000000        0x0 ..\obj\stm32f4xx_syscfg.o

.ARM.extab
 *(.ARM.extab* .gnu.linkonce.armextab.*)
                0x08006470                __exidx_start = .

.ARM.exidx
 *(.ARM.exidx* .gnu.linkonce.armexidx.*)
                0x08006470                __exidx_end = .
                0x08006470                __etext = .
                0x08006470                _sidata = __etext

.data           0x20000000      0x120 load address 0x08006470
                0x20000000                __data_start__ = .
                0x20000000                _sdata = __data_start__
 *(vtable)
 *(.data*)
 .data          0x20000000       0x1c ..\obj\usbd_usr.o
                0x20000000                USR_cb
 .data          0x2000001c       0x30 ..\obj\usbd_core.o
                0x2000001c                USBD_DCD_INT_cb
                0x20000048                USBD_DCD_INT_fops
 .data          0x2000004c       0x40 ..\obj\usbd_desc.o
                0x2000004c                USR_desc
                0x20000068                USBD_DeviceDesc
                0x2000007c                USBD_DeviceQualifierDesc
                0x20000088                USBD_LangIDDesc
 .data          0x2000008c       0x20 ..\obj\usbd_cdc_vcp.o
                0x20000090                linecoding
                0x20000098                VCP_fops
 .data          0x200000ac       0x74 ..\obj\usbd_cdc_core.o
                0x200000ac                usbd_cdc_CfgDesc
                0x200000f4                USBD_CDC_cb
                0x20000120                . = ALIGN (0x4)
                0x20000120                PROVIDE (__preinit_array_start, .)
 *(.preinit_array)
                0x20000120                PROVIDE (__preinit_array_end, .)
                0x20000120                . = ALIGN (0x4)
                0x20000120                PROVIDE (__init_array_start, .)
 *(SORT(.init_array.*))
 *(.init_array)
                0x20000120                PROVIDE (__init_array_end, .)
                0x20000120                . = ALIGN (0x4)
                0x20000120                PROVIDE (__fini_array_start, .)
 *(SORT(.fini_array.*))
 *(.fini_array)
                0x20000120                PROVIDE (__fini_array_end, .)
 *(.jcr*)
                0x20000120                . = ALIGN (0x4)
                0x20000120                __data_end__ = .
                0x20000120                _edata = __data_end__

.igot.plt       0x20000120        0x0 load address 0x08006590
 .igot.plt      0x00000000        0x0 ..\obj\stm32f4xx_syscfg.o

.bss            0x20000120     0x10b4 load address 0x08006590
                0x20000120                . = ALIGN (0x4)
                0x20000120                __bss_start__ = .
                0x20000120                _sbss = __bss_start__
 *(.bss*)
 .bss           0x20000120        0x4 ..\obj\HMC833.o
                0x20000120                r
 *fill*         0x20000124        0x4 
 .bss           0x20000128       0x90 ..\obj\usbd_cdc_vcp.o
                0x20000128                buf
                0x2000018c                chartab
                0x200001a0                temp_float_tab
                0x200001a4                tempf
                0x200001a8                temp_double
                0x200001b0                temp_peak_detector
 .bss           0x200001b8       0x10 ..\obj\usbd_req.o
                0x200001b8                USBD_ep_status
                0x200001bc                USBD_default_cfg
                0x200001c0                USBD_cfg_status
 .bss           0x200001c8       0x1c ..\obj\usbd_cdc_core.o
                0x200001cc                APP_Rx_ptr_in
                0x200001d0                APP_Rx_ptr_out
                0x200001d4                APP_Rx_length
                0x200001d8                USB_Tx_State
 .bss           0x200001e4       0x10 ..\obj\stm32fxxx_it.o
                0x200001e4                warmup_counter
                0x200001e6                IC3ReadValue1
                0x200001e8                IC3ReadValue2
                0x200001ea                CaptureNumber
                0x200001ec                Capture
                0x200001f0                TIM1Freq
 *(COMMON)
 COMMON         0x200001f4       0x18 ..\obj\measurement functions.o
                0x200001f4                Current_results_inst
 COMMON         0x2000020c        0x3 ..\obj\HMC833.o
                0x2000020c                Current_HMC833_config_inst
 *fill*         0x2000020f        0x1 
 COMMON         0x20000210        0x4 ..\obj\usbd_core.o
                0x20000210                SET_TEST_MODE
 COMMON         0x20000214      0x604 ..\obj\main.o
                0x20000214                serialnum
                0x20000218                tempf_ptr
                0x2000021c                i
                0x20000220                freq_pointer
                0x20000224                USB_OTG_dev
 COMMON         0x20000818        0xc ..\obj\FLASH.o
                0x20000818                Cali_reglin_inst
 COMMON         0x20000824       0x10 ..\obj\ADC.o
                0x20000824                ADC_ST_values_inst
 COMMON         0x20000834       0x10 ..\obj\usbd_cdc_vcp.o
                0x20000834                USART_InitStructure
 COMMON         0x20000844       0xff ..\obj\usbd_req.o
                0x20000844                USBD_StrDesc
 *fill*         0x20000943        0x1 
 COMMON         0x20000944      0x890 ..\obj\usbd_cdc_core.o
                0x20000944                usbd_cdc_OtherCfgDesc
                0x20000988                USB_Rx_Buffer
                0x200009c8                USB_Rx_Cnt
                0x200009cc                CmdBuff
                0x200009d4                APP_Rx_Buffer
                0x200011d4                . = ALIGN (0x4)
                0x200011d4                __bss_end__ = .
                0x200011d4                _ebss = __bss_end__

.heap           0x200011d4        0x0
                0x200011d4                __end__ = .
                0x200011d4                _end = __end__
                0x200011d4                end = __end__
 *(.heap*)
                0x200011d4                __HeapLimit = .

.co_stack       0x200011d4      0x804 load address 0x08007644
                0x200011d8                . = ALIGN (0x8)
 *fill*         0x200011d4        0x4 
 *(.co_stack .co_stack.*)
 .co_stack      0x200011d8      0x800 ..\obj\startup_stm32f4xx.o
                0x200011d8                pulStack
                0x20010000                __StackTop = (ORIGIN (ram) + 0x10000)
                0x2000f7fc                __StackLimit = (__StackTop - SIZEOF (.co_stack))
                0x20010000                PROVIDE (__stack, __StackTop)
                0x00000001                ASSERT ((__StackLimit >= __HeapLimit), region ram  overflowed with stack)
LOAD ..\obj\stm32f4xx_syscfg.o
LOAD ..\obj\usb_core.o
LOAD ..\obj\HMC624.o
LOAD ..\obj\usbd_usr.o
LOAD ..\obj\HMC345.o
LOAD ..\obj\stm32f4xx_usart.o
LOAD ..\obj\measurement functions.o
LOAD ..\obj\HMC833.o
LOAD ..\obj\startup_stm32f4xx.o
LOAD ..\obj\usbd_core.o
LOAD ..\obj\main.o
LOAD ..\obj\stm32f4xx_rcc.o
LOAD ..\obj\FLASH.o
LOAD ..\obj\ADC.o
LOAD ..\obj\stm32f4xx_adc.o
LOAD ..\obj\usbd_desc.o
LOAD ..\obj\stm32f4xx_gpio.o
LOAD ..\obj\stm32f4xx_flash.o
LOAD ..\obj\usbd_cdc_vcp.o
LOAD ..\obj\system_stm32f4xx.o
LOAD ..\obj\syscalls.o
LOAD ..\obj\usb_bsp.o
LOAD ..\obj\usbd_req.o
LOAD ..\obj\usb_dcd_int.o
LOAD ..\obj\usbd_cdc_core.o
LOAD ..\obj\usb_hcd.o
LOAD ..\obj\usb_otg.o
LOAD ..\obj\SPI.o
LOAD ..\obj\stm32f4xx_spi.o
LOAD ..\obj\stm32f4xx_exti.o
LOAD ..\obj\misc.o
LOAD ..\obj\usb_dcd.o
LOAD ..\obj\stm32fxxx_it.o
LOAD ..\obj\usbd_ioreq.o
LOAD ..\obj\LED.o
LOAD ..\obj\TIM.o
LOAD ..\obj\stm32f4xx_tim.o
LOAD ..\obj\usb_hcd_int.o
LOAD c:/program files (x86)/gnu tools arm embedded/4.8 2014q2/bin/../lib/gcc/arm-none-eabi/4.8.4/../../../../arm-none-eabi/lib/armv7e-m/fpu\libm.a
LOAD c:/program files (x86)/gnu tools arm embedded/4.8 2014q2/bin/../lib/gcc/arm-none-eabi/4.8.4/armv7e-m/fpu\libgcc.a
LOAD c:/program files (x86)/gnu tools arm embedded/4.8 2014q2/bin/../lib/gcc/arm-none-eabi/4.8.4/../../../../arm-none-eabi/lib/armv7e-m/fpu\libc.a
START GROUP
LOAD c:/program files (x86)/gnu tools arm embedded/4.8 2014q2/bin/../lib/gcc/arm-none-eabi/4.8.4/armv7e-m/fpu\libgcc.a
LOAD c:/program files (x86)/gnu tools arm embedded/4.8 2014q2/bin/../lib/gcc/arm-none-eabi/4.8.4/../../../../arm-none-eabi/lib/armv7e-m/fpu\libg.a
LOAD c:/program files (x86)/gnu tools arm embedded/4.8 2014q2/bin/../lib/gcc/arm-none-eabi/4.8.4/../../../../arm-none-eabi/lib/armv7e-m/fpu\libc.a
END GROUP
OUTPUT(RF_TESTER.elf elf32-littlearm)

.debug_info     0x00000000    0x15cb6
 .debug_info    0x00000000     0x2484 ..\obj\usb_core.o
 .debug_info    0x00002484      0x305 ..\obj\HMC624.o
 .debug_info    0x00002789      0x1cb ..\obj\usbd_usr.o
 .debug_info    0x00002954      0x2db ..\obj\HMC345.o
 .debug_info    0x00002c2f      0x9c2 ..\obj\stm32f4xx_usart.o
 .debug_info    0x000035f1      0x27a ..\obj\measurement functions.o
 .debug_info    0x0000386b      0x453 ..\obj\HMC833.o
 .debug_info    0x00003cbe       0xed ..\obj\startup_stm32f4xx.o
 .debug_info    0x00003dab     0x1037 ..\obj\usbd_core.o
 .debug_info    0x00004de2      0xc7d ..\obj\main.o
 .debug_info    0x00005a5f      0xc4d ..\obj\stm32f4xx_rcc.o
 .debug_info    0x000066ac      0x2b4 ..\obj\FLASH.o
 .debug_info    0x00006960      0x773 ..\obj\ADC.o
 .debug_info    0x000070d3      0xc38 ..\obj\stm32f4xx_adc.o
 .debug_info    0x00007d0b      0x363 ..\obj\usbd_desc.o
 .debug_info    0x0000806e      0x602 ..\obj\stm32f4xx_gpio.o
 .debug_info    0x00008670      0x71b ..\obj\stm32f4xx_flash.o
 .debug_info    0x00008d8b     0x1120 ..\obj\usbd_cdc_vcp.o
 .debug_info    0x00009eab      0x566 ..\obj\system_stm32f4xx.o
 .debug_info    0x0000a411      0xfc6 ..\obj\usb_bsp.o
 .debug_info    0x0000b3d7      0xfdc ..\obj\usbd_req.o
 .debug_info    0x0000c3b3     0x1eee ..\obj\usb_dcd_int.o
 .debug_info    0x0000e2a1      0xed9 ..\obj\usbd_cdc_core.o
 .debug_info    0x0000f17a      0x526 ..\obj\SPI.o
 .debug_info    0x0000f6a0      0xb07 ..\obj\stm32f4xx_spi.o
 .debug_info    0x000101a7      0x347 ..\obj\stm32f4xx_exti.o
 .debug_info    0x000104ee      0x53d ..\obj\misc.o
 .debug_info    0x00010a2b     0x1040 ..\obj\usb_dcd.o
 .debug_info    0x00011a6b      0xe1e ..\obj\stm32fxxx_it.o
 .debug_info    0x00012889      0xcd8 ..\obj\usbd_ioreq.o
 .debug_info    0x00013561      0x30d ..\obj\LED.o
 .debug_info    0x0001386e      0x7e7 ..\obj\TIM.o
 .debug_info    0x00014055     0x1c61 ..\obj\stm32f4xx_tim.o

.debug_abbrev   0x00000000     0x3661
 .debug_abbrev  0x00000000      0x2e7 ..\obj\usb_core.o
 .debug_abbrev  0x000002e7      0x12a ..\obj\HMC624.o
 .debug_abbrev  0x00000411       0xdd ..\obj\usbd_usr.o
 .debug_abbrev  0x000004ee      0x10e ..\obj\HMC345.o
 .debug_abbrev  0x000005fc      0x155 ..\obj\stm32f4xx_usart.o
 .debug_abbrev  0x00000751      0x10e ..\obj\measurement functions.o
 .debug_abbrev  0x0000085f      0x1c3 ..\obj\HMC833.o
 .debug_abbrev  0x00000a22       0xb0 ..\obj\startup_stm32f4xx.o
 .debug_abbrev  0x00000ad2      0x275 ..\obj\usbd_core.o
 .debug_abbrev  0x00000d47      0x1eb ..\obj\main.o
 .debug_abbrev  0x00000f32      0x1e3 ..\obj\stm32f4xx_rcc.o
 .debug_abbrev  0x00001115      0x132 ..\obj\FLASH.o
 .debug_abbrev  0x00001247      0x169 ..\obj\ADC.o
 .debug_abbrev  0x000013b0      0x196 ..\obj\stm32f4xx_adc.o
 .debug_abbrev  0x00001546      0x12c ..\obj\usbd_desc.o
 .debug_abbrev  0x00001672      0x1a3 ..\obj\stm32f4xx_gpio.o
 .debug_abbrev  0x00001815      0x1ae ..\obj\stm32f4xx_flash.o
 .debug_abbrev  0x000019c3      0x362 ..\obj\usbd_cdc_vcp.o
 .debug_abbrev  0x00001d25      0x117 ..\obj\system_stm32f4xx.o
 .debug_abbrev  0x00001e3c      0x1d9 ..\obj\usb_bsp.o
 .debug_abbrev  0x00002015      0x2a4 ..\obj\usbd_req.o
 .debug_abbrev  0x000022b9      0x25b ..\obj\usb_dcd_int.o
 .debug_abbrev  0x00002514      0x215 ..\obj\usbd_cdc_core.o
 .debug_abbrev  0x00002729      0x145 ..\obj\SPI.o
 .debug_abbrev  0x0000286e      0x167 ..\obj\stm32f4xx_spi.o
 .debug_abbrev  0x000029d5      0x1a5 ..\obj\stm32f4xx_exti.o
 .debug_abbrev  0x00002b7a      0x145 ..\obj\misc.o
 .debug_abbrev  0x00002cbf      0x259 ..\obj\usb_dcd.o
 .debug_abbrev  0x00002f18      0x1c3 ..\obj\stm32fxxx_it.o
 .debug_abbrev  0x000030db      0x1af ..\obj\usbd_ioreq.o
 .debug_abbrev  0x0000328a      0x126 ..\obj\LED.o
 .debug_abbrev  0x000033b0      0x12a ..\obj\TIM.o
 .debug_abbrev  0x000034da      0x187 ..\obj\stm32f4xx_tim.o

.debug_aranges  0x00000000     0x1220
 .debug_aranges
                0x00000000      0x138 ..\obj\usb_core.o
 .debug_aranges
                0x00000138       0x28 ..\obj\HMC624.o
 .debug_aranges
                0x00000160       0x50 ..\obj\usbd_usr.o
 .debug_aranges
                0x000001b0       0x28 ..\obj\HMC345.o
 .debug_aranges
                0x000001d8      0x100 ..\obj\stm32f4xx_usart.o
 .debug_aranges
                0x000002d8       0x38 ..\obj\measurement functions.o
 .debug_aranges
                0x00000310       0x60 ..\obj\HMC833.o
 .debug_aranges
                0x00000370       0x28 ..\obj\startup_stm32f4xx.o
 .debug_aranges
                0x00000398       0x98 ..\obj\usbd_core.o
 .debug_aranges
                0x00000430       0x20 ..\obj\main.o
 .debug_aranges
                0x00000450      0x178 ..\obj\stm32f4xx_rcc.o
 .debug_aranges
                0x000005c8       0x48 ..\obj\FLASH.o
 .debug_aranges
                0x00000610       0x48 ..\obj\ADC.o
 .debug_aranges
                0x00000658      0x148 ..\obj\stm32f4xx_adc.o
 .debug_aranges
                0x000007a0       0x50 ..\obj\usbd_desc.o
 .debug_aranges
                0x000007f0       0x88 ..\obj\stm32f4xx_gpio.o
 .debug_aranges
                0x00000878      0x108 ..\obj\stm32f4xx_flash.o
 .debug_aranges
                0x00000980       0x60 ..\obj\usbd_cdc_vcp.o
 .debug_aranges
                0x000009e0       0x30 ..\obj\system_stm32f4xx.o
 .debug_aranges
                0x00000a10       0x38 ..\obj\usb_bsp.o
 .debug_aranges
                0x00000a48       0x88 ..\obj\usbd_req.o
 .debug_aranges
                0x00000ad0       0x90 ..\obj\usb_dcd_int.o
 .debug_aranges
                0x00000b60       0x60 ..\obj\usbd_cdc_core.o
 .debug_aranges
                0x00000bc0       0x38 ..\obj\SPI.o
 .debug_aranges
                0x00000bf8       0xe0 ..\obj\stm32f4xx_spi.o
 .debug_aranges
                0x00000cd8       0x58 ..\obj\stm32f4xx_exti.o
 .debug_aranges
                0x00000d30       0x40 ..\obj\misc.o
 .debug_aranges
                0x00000d70       0x80 ..\obj\usb_dcd.o
 .debug_aranges
                0x00000df0       0x80 ..\obj\stm32fxxx_it.o
 .debug_aranges
                0x00000e70       0x50 ..\obj\usbd_ioreq.o
 .debug_aranges
                0x00000ec0       0x38 ..\obj\LED.o
 .debug_aranges
                0x00000ef8       0x30 ..\obj\TIM.o
 .debug_aranges
                0x00000f28      0x2f8 ..\obj\stm32f4xx_tim.o

.debug_ranges   0x00000000     0x1010
 .debug_ranges  0x00000000      0x128 ..\obj\usb_core.o
 .debug_ranges  0x00000128       0x18 ..\obj\HMC624.o
 .debug_ranges  0x00000140       0x40 ..\obj\usbd_usr.o
 .debug_ranges  0x00000180       0x18 ..\obj\HMC345.o
 .debug_ranges  0x00000198       0xf0 ..\obj\stm32f4xx_usart.o
 .debug_ranges  0x00000288       0x28 ..\obj\measurement functions.o
 .debug_ranges  0x000002b0       0x50 ..\obj\HMC833.o
 .debug_ranges  0x00000300       0x18 ..\obj\startup_stm32f4xx.o
 .debug_ranges  0x00000318       0x88 ..\obj\usbd_core.o
 .debug_ranges  0x000003a0       0x10 ..\obj\main.o
 .debug_ranges  0x000003b0      0x168 ..\obj\stm32f4xx_rcc.o
 .debug_ranges  0x00000518       0x38 ..\obj\FLASH.o
 .debug_ranges  0x00000550       0x38 ..\obj\ADC.o
 .debug_ranges  0x00000588      0x138 ..\obj\stm32f4xx_adc.o
 .debug_ranges  0x000006c0       0x40 ..\obj\usbd_desc.o
 .debug_ranges  0x00000700       0x78 ..\obj\stm32f4xx_gpio.o
 .debug_ranges  0x00000778       0xf8 ..\obj\stm32f4xx_flash.o
 .debug_ranges  0x00000870       0x50 ..\obj\usbd_cdc_vcp.o
 .debug_ranges  0x000008c0       0x20 ..\obj\system_stm32f4xx.o
 .debug_ranges  0x000008e0       0x28 ..\obj\usb_bsp.o
 .debug_ranges  0x00000908       0x78 ..\obj\usbd_req.o
 .debug_ranges  0x00000980       0x80 ..\obj\usb_dcd_int.o
 .debug_ranges  0x00000a00       0x50 ..\obj\usbd_cdc_core.o
 .debug_ranges  0x00000a50       0x28 ..\obj\SPI.o
 .debug_ranges  0x00000a78       0xd0 ..\obj\stm32f4xx_spi.o
 .debug_ranges  0x00000b48       0x48 ..\obj\stm32f4xx_exti.o
 .debug_ranges  0x00000b90       0x30 ..\obj\misc.o
 .debug_ranges  0x00000bc0       0x70 ..\obj\usb_dcd.o
 .debug_ranges  0x00000c30       0x70 ..\obj\stm32fxxx_it.o
 .debug_ranges  0x00000ca0       0x40 ..\obj\usbd_ioreq.o
 .debug_ranges  0x00000ce0       0x28 ..\obj\LED.o
 .debug_ranges  0x00000d08       0x20 ..\obj\TIM.o
 .debug_ranges  0x00000d28      0x2e8 ..\obj\stm32f4xx_tim.o

.debug_line     0x00000000     0x889f
 .debug_line    0x00000000      0x776 ..\obj\usb_core.o
 .debug_line    0x00000776      0x2f7 ..\obj\HMC624.o
 .debug_line    0x00000a6d      0x2a7 ..\obj\usbd_usr.o
 .debug_line    0x00000d14      0x2d2 ..\obj\HMC345.o
 .debug_line    0x00000fe6      0x549 ..\obj\stm32f4xx_usart.o
 .debug_line    0x0000152f      0x2b8 ..\obj\measurement functions.o
 .debug_line    0x000017e7      0x457 ..\obj\HMC833.o
 .debug_line    0x00001c3e       0xc7 ..\obj\startup_stm32f4xx.o
 .debug_line    0x00001d05      0x472 ..\obj\usbd_core.o
 .debug_line    0x00002177      0x45a ..\obj\main.o
 .debug_line    0x000025d1      0x641 ..\obj\stm32f4xx_rcc.o
 .debug_line    0x00002c12      0x314 ..\obj\FLASH.o
 .debug_line    0x00002f26      0x42c ..\obj\ADC.o
 .debug_line    0x00003352      0x5f9 ..\obj\stm32f4xx_adc.o
 .debug_line    0x0000394b      0x32f ..\obj\usbd_desc.o
 .debug_line    0x00003c7a      0x3e6 ..\obj\stm32f4xx_gpio.o
 .debug_line    0x00004060      0x532 ..\obj\stm32f4xx_flash.o
 .debug_line    0x00004592      0x590 ..\obj\usbd_cdc_vcp.o
 .debug_line    0x00004b22      0x234 ..\obj\system_stm32f4xx.o
 .debug_line    0x00004d56      0x37e ..\obj\usb_bsp.o
 .debug_line    0x000050d4      0x4df ..\obj\usbd_req.o
 .debug_line    0x000055b3      0x49f ..\obj\usb_dcd_int.o
 .debug_line    0x00005a52      0x401 ..\obj\usbd_cdc_core.o
 .debug_line    0x00005e53      0x379 ..\obj\SPI.o
 .debug_line    0x000061cc      0x4f9 ..\obj\stm32f4xx_spi.o
 .debug_line    0x000066c5      0x34c ..\obj\stm32f4xx_exti.o
 .debug_line    0x00006a11      0x2ec ..\obj\misc.o
 .debug_line    0x00006cfd      0x3f4 ..\obj\usb_dcd.o
 .debug_line    0x000070f1      0x39f ..\obj\stm32fxxx_it.o
 .debug_line    0x00007490      0x345 ..\obj\usbd_ioreq.o
 .debug_line    0x000077d5      0x2ce ..\obj\LED.o
 .debug_line    0x00007aa3      0x2f0 ..\obj\TIM.o
 .debug_line    0x00007d93      0xb0c ..\obj\stm32f4xx_tim.o

.debug_str      0x00000000     0x638b
 .debug_str     0x00000000     0x1397 ..\obj\usb_core.o
                               0x16d5 (size before relaxing)
 .debug_str     0x00001397      0x29b ..\obj\HMC624.o
                                0x43d (size before relaxing)
 .debug_str     0x00001632      0x11a ..\obj\usbd_usr.o
                                0x303 (size before relaxing)
 .debug_str     0x0000174c       0x81 ..\obj\HMC345.o
                                0x3b2 (size before relaxing)
 .debug_str     0x000017cd      0x51f ..\obj\stm32f4xx_usart.o
                                0x6d8 (size before relaxing)
 .debug_str     0x00001cec      0x1ce ..\obj\measurement functions.o
                                0x35e (size before relaxing)
 .debug_str     0x00001eba      0x18a ..\obj\HMC833.o
                                0x53a (size before relaxing)
 .debug_str     0x00002044       0xd6 ..\obj\startup_stm32f4xx.o
                                0x190 (size before relaxing)
 .debug_str     0x0000211a      0x1e8 ..\obj\usbd_core.o
                                0xc15 (size before relaxing)
 .debug_str     0x00002302      0x13a ..\obj\main.o
                                0xabf (size before relaxing)
 .debug_str     0x0000243c      0x609 ..\obj\stm32f4xx_rcc.o
                                0x899 (size before relaxing)
 .debug_str     0x00002a45      0x1a0 ..\obj\FLASH.o
                                0x395 (size before relaxing)
 .debug_str     0x00002be5      0x298 ..\obj\ADC.o
                                0x70d (size before relaxing)
 .debug_str     0x00002e7d      0x516 ..\obj\stm32f4xx_adc.o
                                0x84d (size before relaxing)
 .debug_str     0x00003393      0x18a ..\obj\usbd_desc.o
                                0x3dc (size before relaxing)
 .debug_str     0x0000351d      0x1c4 ..\obj\stm32f4xx_gpio.o
                                0x4ec (size before relaxing)
 .debug_str     0x000036e1      0x360 ..\obj\stm32f4xx_flash.o
                                0x5db (size before relaxing)
 .debug_str     0x00003a41      0x27c ..\obj\usbd_cdc_vcp.o
                                0xd34 (size before relaxing)
 .debug_str     0x00003cbd      0x122 ..\obj\system_stm32f4xx.o
                                0x3d9 (size before relaxing)
 .debug_str     0x00003ddf      0x654 ..\obj\usb_bsp.o
                               0x1112 (size before relaxing)
 .debug_str     0x00004433      0x19b ..\obj\usbd_req.o
                                0xb7a (size before relaxing)
 .debug_str     0x000045ce      0x38d ..\obj\usb_dcd_int.o
                               0x1425 (size before relaxing)
 .debug_str     0x0000495b      0x1a9 ..\obj\usbd_cdc_core.o
                                0xb6f (size before relaxing)
 .debug_str     0x00004b04      0x16c ..\obj\SPI.o
                                0x503 (size before relaxing)
 .debug_str     0x00004c70      0x316 ..\obj\stm32f4xx_spi.o
                                0x6d3 (size before relaxing)
 .debug_str     0x00004f86      0x1f3 ..\obj\stm32f4xx_exti.o
                                0x3a2 (size before relaxing)
 .debug_str     0x00005179      0x180 ..\obj\misc.o
                                0x417 (size before relaxing)
 .debug_str     0x000052f9      0x140 ..\obj\usb_dcd.o
                                0xb9d (size before relaxing)
 .debug_str     0x00005439      0x21e ..\obj\stm32fxxx_it.o
                                0xb90 (size before relaxing)
 .debug_str     0x00005657       0xfb ..\obj\usbd_ioreq.o
                                0xa2a (size before relaxing)
 .debug_str     0x00005752       0x9a ..\obj\LED.o
                                0x3a1 (size before relaxing)
 .debug_str     0x000057ec       0xf3 ..\obj\TIM.o
                                0x9c8 (size before relaxing)
 .debug_str     0x000058df      0xaac ..\obj\stm32f4xx_tim.o
                                0xe19 (size before relaxing)

.comment        0x00000000       0x70
 .comment       0x00000000       0x70 ..\obj\usb_core.o
                                 0x71 (size before relaxing)
 .comment       0x00000000       0x71 ..\obj\HMC624.o
 .comment       0x00000000       0x71 ..\obj\usbd_usr.o
 .comment       0x00000000       0x71 ..\obj\HMC345.o
 .comment       0x00000000       0x71 ..\obj\stm32f4xx_usart.o
 .comment       0x00000000       0x71 ..\obj\measurement functions.o
 .comment       0x00000000       0x71 ..\obj\HMC833.o
 .comment       0x00000000       0x71 ..\obj\startup_stm32f4xx.o
 .comment       0x00000000       0x71 ..\obj\usbd_core.o
 .comment       0x00000000       0x71 ..\obj\main.o
 .comment       0x00000000       0x71 ..\obj\stm32f4xx_rcc.o
 .comment       0x00000000       0x71 ..\obj\FLASH.o
 .comment       0x00000000       0x71 ..\obj\ADC.o
 .comment       0x00000000       0x71 ..\obj\stm32f4xx_adc.o
 .comment       0x00000000       0x71 ..\obj\usbd_desc.o
 .comment       0x00000000       0x71 ..\obj\stm32f4xx_gpio.o
 .comment       0x00000000       0x71 ..\obj\stm32f4xx_flash.o
 .comment       0x00000000       0x71 ..\obj\usbd_cdc_vcp.o
 .comment       0x00000000       0x71 ..\obj\system_stm32f4xx.o
 .comment       0x00000000       0x71 ..\obj\usb_bsp.o
 .comment       0x00000000       0x71 ..\obj\usbd_req.o
 .comment       0x00000000       0x71 ..\obj\usb_dcd_int.o
 .comment       0x00000000       0x71 ..\obj\usbd_cdc_core.o
 .comment       0x00000000       0x71 ..\obj\SPI.o
 .comment       0x00000000       0x71 ..\obj\stm32f4xx_spi.o
 .comment       0x00000000       0x71 ..\obj\stm32f4xx_exti.o
 .comment       0x00000000       0x71 ..\obj\misc.o
 .comment       0x00000000       0x71 ..\obj\usb_dcd.o
 .comment       0x00000000       0x71 ..\obj\stm32fxxx_it.o
 .comment       0x00000000       0x71 ..\obj\usbd_ioreq.o
 .comment       0x00000000       0x71 ..\obj\LED.o
 .comment       0x00000000       0x71 ..\obj\TIM.o
 .comment       0x00000000       0x71 ..\obj\stm32f4xx_tim.o

.ARM.attributes
                0x00000000       0x37
 .ARM.attributes
                0x00000000       0x39 ..\obj\usb_core.o
 .ARM.attributes
                0x00000039       0x39 ..\obj\HMC624.o
 .ARM.attributes
                0x00000072       0x39 ..\obj\usbd_usr.o
 .ARM.attributes
                0x000000ab       0x39 ..\obj\HMC345.o
 .ARM.attributes
                0x000000e4       0x39 ..\obj\stm32f4xx_usart.o
 .ARM.attributes
                0x0000011d       0x39 ..\obj\measurement functions.o
 .ARM.attributes
                0x00000156       0x39 ..\obj\HMC833.o
 .ARM.attributes
                0x0000018f       0x39 ..\obj\startup_stm32f4xx.o
 .ARM.attributes
                0x000001c8       0x39 ..\obj\usbd_core.o
 .ARM.attributes
                0x00000201       0x39 ..\obj\main.o
 .ARM.attributes
                0x0000023a       0x39 ..\obj\stm32f4xx_rcc.o
 .ARM.attributes
                0x00000273       0x39 ..\obj\FLASH.o
 .ARM.attributes
                0x000002ac       0x39 ..\obj\ADC.o
 .ARM.attributes
                0x000002e5       0x39 ..\obj\stm32f4xx_adc.o
 .ARM.attributes
                0x0000031e       0x39 ..\obj\usbd_desc.o
 .ARM.attributes
                0x00000357       0x39 ..\obj\stm32f4xx_gpio.o
 .ARM.attributes
                0x00000390       0x39 ..\obj\stm32f4xx_flash.o
 .ARM.attributes
                0x000003c9       0x39 ..\obj\usbd_cdc_vcp.o
 .ARM.attributes
                0x00000402       0x39 ..\obj\system_stm32f4xx.o
 .ARM.attributes
                0x0000043b       0x39 ..\obj\usb_bsp.o
 .ARM.attributes
                0x00000474       0x39 ..\obj\usbd_req.o
 .ARM.attributes
                0x000004ad       0x39 ..\obj\usb_dcd_int.o
 .ARM.attributes
                0x000004e6       0x39 ..\obj\usbd_cdc_core.o
 .ARM.attributes
                0x0000051f       0x39 ..\obj\SPI.o
 .ARM.attributes
                0x00000558       0x39 ..\obj\stm32f4xx_spi.o
 .ARM.attributes
                0x00000591       0x39 ..\obj\stm32f4xx_exti.o
 .ARM.attributes
                0x000005ca       0x39 ..\obj\misc.o
 .ARM.attributes
                0x00000603       0x39 ..\obj\usb_dcd.o
 .ARM.attributes
                0x0000063c       0x39 ..\obj\stm32fxxx_it.o
 .ARM.attributes
                0x00000675       0x39 ..\obj\usbd_ioreq.o
 .ARM.attributes
                0x000006ae       0x39 ..\obj\LED.o
 .ARM.attributes
                0x000006e7       0x39 ..\obj\TIM.o
 .ARM.attributes
                0x00000720       0x39 ..\obj\stm32f4xx_tim.o
 .ARM.attributes
                0x00000759       0x34 c:/program files (x86)/gnu tools arm embedded/4.8 2014q2/bin/../lib/gcc/arm-none-eabi/4.8.4/../../../../arm-none-eabi/lib/armv7e-m/fpu\libm.a(lib_a-s_floor.o)
 .ARM.attributes
                0x0000078d       0x34 c:/program files (x86)/gnu tools arm embedded/4.8 2014q2/bin/../lib/gcc/arm-none-eabi/4.8.4/../../../../arm-none-eabi/lib/armv7e-m/fpu\libm.a(lib_a-s_lround.o)
 .ARM.attributes
                0x000007c1       0x34 c:/program files (x86)/gnu tools arm embedded/4.8 2014q2/bin/../lib/gcc/arm-none-eabi/4.8.4/../../../../arm-none-eabi/lib/armv7e-m/fpu\libm.a(lib_a-sf_round.o)
 .ARM.attributes
                0x000007f5       0x22 c:/program files (x86)/gnu tools arm embedded/4.8 2014q2/bin/../lib/gcc/arm-none-eabi/4.8.4/armv7e-m/fpu\libgcc.a(_arm_addsubdf3.o)
 .ARM.attributes
                0x00000817       0x22 c:/program files (x86)/gnu tools arm embedded/4.8 2014q2/bin/../lib/gcc/arm-none-eabi/4.8.4/armv7e-m/fpu\libgcc.a(_arm_muldivdf3.o)
 .ARM.attributes
                0x00000839       0x22 c:/program files (x86)/gnu tools arm embedded/4.8 2014q2/bin/../lib/gcc/arm-none-eabi/4.8.4/armv7e-m/fpu\libgcc.a(_arm_cmpdf2.o)
 .ARM.attributes
                0x0000085b       0x22 c:/program files (x86)/gnu tools arm embedded/4.8 2014q2/bin/../lib/gcc/arm-none-eabi/4.8.4/armv7e-m/fpu\libgcc.a(_arm_fixdfsi.o)
 .ARM.attributes
                0x0000087d       0x20 c:/program files (x86)/gnu tools arm embedded/4.8 2014q2/bin/../lib/gcc/arm-none-eabi/4.8.4/../../../../arm-none-eabi/lib/armv7e-m/fpu\libc.a(lib_a-memcpy.o)

.debug_frame    0x00000000     0x38e8
 .debug_frame   0x00000000      0x434 ..\obj\usb_core.o
 .debug_frame   0x00000434       0x50 ..\obj\HMC624.o
 .debug_frame   0x00000484       0xbc ..\obj\usbd_usr.o
 .debug_frame   0x00000540       0x50 ..\obj\HMC345.o
 .debug_frame   0x00000590      0x344 ..\obj\stm32f4xx_usart.o
 .debug_frame   0x000008d4       0x8c ..\obj\measurement functions.o
 .debug_frame   0x00000960      0x124 ..\obj\HMC833.o
 .debug_frame   0x00000a84       0x48 ..\obj\startup_stm32f4xx.o
 .debug_frame   0x00000acc      0x208 ..\obj\usbd_core.o
 .debug_frame   0x00000cd4       0x30 ..\obj\main.o
 .debug_frame   0x00000d04      0x4d8 ..\obj\stm32f4xx_rcc.o
 .debug_frame   0x000011dc       0xc4 ..\obj\FLASH.o
 .debug_frame   0x000012a0       0xd0 ..\obj\ADC.o
 .debug_frame   0x00001370      0x434 ..\obj\stm32f4xx_adc.o
 .debug_frame   0x000017a4       0xe8 ..\obj\usbd_desc.o
 .debug_frame   0x0000188c      0x19c ..\obj\stm32f4xx_gpio.o
 .debug_frame   0x00001a28      0x360 ..\obj\stm32f4xx_flash.o
 .debug_frame   0x00001d88      0x10c ..\obj\usbd_cdc_vcp.o
 .debug_frame   0x00001e94       0x64 ..\obj\system_stm32f4xx.o
 .debug_frame   0x00001ef8       0x8c ..\obj\usb_bsp.o
 .debug_frame   0x00001f84      0x1c8 ..\obj\usbd_req.o
 .debug_frame   0x0000214c      0x1ec ..\obj\usb_dcd_int.o
 .debug_frame   0x00002338      0x124 ..\obj\usbd_cdc_core.o
 .debug_frame   0x0000245c       0x90 ..\obj\SPI.o
 .debug_frame   0x000024ec      0x2d0 ..\obj\stm32f4xx_spi.o
 .debug_frame   0x000027bc       0xec ..\obj\stm32f4xx_exti.o
 .debug_frame   0x000028a8       0x9c ..\obj\misc.o
 .debug_frame   0x00002944      0x1ac ..\obj\usb_dcd.o
 .debug_frame   0x00002af0      0x154 ..\obj\stm32fxxx_it.o
 .debug_frame   0x00002c44       0xec ..\obj\usbd_ioreq.o
 .debug_frame   0x00002d30       0x90 ..\obj\LED.o
 .debug_frame   0x00002dc0       0x68 ..\obj\TIM.o
 .debug_frame   0x00002e28      0xa3c ..\obj\stm32f4xx_tim.o
 .debug_frame   0x00003864       0x38 c:/program files (x86)/gnu tools arm embedded/4.8 2014q2/bin/../lib/gcc/arm-none-eabi/4.8.4/../../../../arm-none-eabi/lib/armv7e-m/fpu\libm.a(lib_a-s_floor.o)
 .debug_frame   0x0000389c       0x2c c:/program files (x86)/gnu tools arm embedded/4.8 2014q2/bin/../lib/gcc/arm-none-eabi/4.8.4/../../../../arm-none-eabi/lib/armv7e-m/fpu\libm.a(lib_a-s_lround.o)
 .debug_frame   0x000038c8       0x20 c:/program files (x86)/gnu tools arm embedded/4.8 2014q2/bin/../lib/gcc/arm-none-eabi/4.8.4/../../../../arm-none-eabi/lib/armv7e-m/fpu\libm.a(lib_a-sf_round.o)
